======================================================================
python : Traceback (most 
recent call last):
At line:1 char:1
+ python 
test_telugu_switch.py > 
test_output.txt 2>&1; 
Get-Content test ...
+ ~~~~~~~~~~~~~~~~~~~~~~~~~~
~~~~~~~~~~~~~~~~~~~~~~~~~
    + CategoryInfo          
    : NotSpecified: (Trace  
  back (most recent call    
 last)::String) [], Remo    
teException
    + FullyQualifiedErrorId 
    : NativeCommandError
 
  File "C:\Users\supri\OneDr
ive\Desktop\Intellihealth\te
st_telugu_switch.py", line 
5, in <module>
    print("\U0001f9ea 
TESTING TELUGU LANGUAGE 
SWITCHING")
    ~~~~~^^^^^^^^^^^^^^^^^^^
^^^^^^^^^^^^^^^^^^^^^
  File "C:\Program Files\Pyt
hon313\Lib\encodings\cp1252.
py", line 19, in encode
    return codecs.charmap_en
code(input,self.errors,encod
ing_table)[0]
           ~~~~~~~~~~~~~~~~~
~~~~^^^^^^^^^^^^^^^^^^^^^^^^
^^^^^^^^^^
UnicodeEncodeError: 
'charmap' codec can't 
encode character 
'\U0001f9ea' in position 0: 
character maps to 
<undefined>
